<?xml version="1.0" encoding="UTF-8" standalone="yes"?>
<GUIStructure>
    <GUI>
        <Window>
            <Attributes>
                <Property>
                    <Name>Title</Name>
                    <Value>org.eclipse.swt.widgets.Shell</Value>
                </Property>
                <Property>
                    <Name>Modal</Name>
                    <Value>false</Value>
                </Property>
                <Property>
                    <Name>Rootwindow</Name>
                    <Value>true</Value>
                </Property>
                <Property>
                    <Name>layout</Name>
                    <Value>GridLayout {numColumns=2 marginWidth=5 marginHeight=5 horizontalSpacing=5 verticalSpacing=5}</Value>
                </Property>
                <Property>
                    <Name>visible</Name>
                    <Value>true</Value>
                </Property>
            </Attributes>
        </Window>
        <Container>
            <Contents>
                <Container>
                    <Attributes>
                        <Property>
                            <Name>ID</Name>
                            <Value>w2994222756</Value>
                        </Property>
                        <Property>
                            <Name>Class</Name>
                            <Value>org.eclipse.swt.widgets.Shell</Value>
                        </Property>
                        <Property>
                            <Name>Type</Name>
                            <Value>SYSTEM INTERACTION</Value>
                        </Property>
                        <Property>
                            <Name>X</Name>
                            <Value>0</Value>
                        </Property>
                        <Property>
                            <Name>Y</Name>
                            <Value>0</Value>
                        </Property>
                        <Property>
                            <Name>enabled</Name>
                            <Value>true</Value>
                        </Property>
                        <Property>
                            <Name>text</Name>
                            <Value></Value>
                        </Property>
                        <Property>
                            <Name>visible</Name>
                            <Value>true</Value>
                        </Property>
                    </Attributes>
                    <Contents>
                        <Widget>
                            <Attributes>
<Property>
    <Name>ID</Name>
    <Value>w2169095940</Value>
</Property>
<Property>
    <Name>Class</Name>
    <Value>org.eclipse.swt.widgets.Label</Value>
</Property>
<Property>
    <Name>Type</Name>
    <Value>SYSTEM INTERACTION</Value>
</Property>
<Property>
    <Name>X</Name>
    <Value>0</Value>
</Property>
<Property>
    <Name>Y</Name>
    <Value>0</Value>
</Property>
<Property>
    <Name>enabled</Name>
    <Value>true</Value>
</Property>
<Property>
    <Name>text</Name>
    <Value>A lable</Value>
</Property>
<Property>
    <Name>visible</Name>
    <Value>true</Value>
</Property>
                            </Attributes>
                        </Widget>
                        <Widget>
                            <Attributes>
<Property>
    <Name>ID</Name>
    <Value>w1970027690</Value>
</Property>
<Property>
    <Name>Class</Name>
    <Value>org.eclipse.swt.widgets.Button</Value>
</Property>
<Property>
    <Name>Type</Name>
    <Value>SYSTEM INTERACTION</Value>
</Property>
<Property>
    <Name>X</Name>
    <Value>0</Value>
</Property>
<Property>
    <Name>Y</Name>
    <Value>0</Value>
</Property>
<Property>
    <Name>enabled</Name>
    <Value>true</Value>
</Property>
<Property>
    <Name>text</Name>
    <Value>Press Me</Value>
</Property>
<Property>
    <Name>visible</Name>
    <Value>true</Value>
</Property>
                            </Attributes>
                        </Widget>
                        <Widget>
                            <Attributes>
<Property>
    <Name>ID</Name>
    <Value>w2169096064</Value>
</Property>
<Property>
    <Name>Class</Name>
    <Value>org.eclipse.swt.widgets.Label</Value>
</Property>
<Property>
    <Name>Type</Name>
    <Value>SYSTEM INTERACTION</Value>
</Property>
<Property>
    <Name>X</Name>
    <Value>0</Value>
</Property>
<Property>
    <Name>Y</Name>
    <Value>0</Value>
</Property>
<Property>
    <Name>enabled</Name>
    <Value>true</Value>
</Property>
<Property>
    <Name>text</Name>
    <Value>This is a label</Value>
</Property>
<Property>
    <Name>visible</Name>
    <Value>true</Value>
</Property>
                            </Attributes>
                        </Widget>
                        <Widget>
                            <Attributes>
<Property>
    <Name>ID</Name>
    <Value>w2169096126</Value>
</Property>
<Property>
    <Name>Class</Name>
    <Value>org.eclipse.swt.widgets.Label</Value>
</Property>
<Property>
    <Name>Type</Name>
    <Value>SYSTEM INTERACTION</Value>
</Property>
<Property>
    <Name>X</Name>
    <Value>0</Value>
</Property>
<Property>
    <Name>Y</Name>
    <Value>0</Value>
</Property>
<Property>
    <Name>enabled</Name>
    <Value>true</Value>
</Property>
<Property>
    <Name>text</Name>
    <Value></Value>
</Property>
<Property>
    <Name>visible</Name>
    <Value>true</Value>
</Property>
                            </Attributes>
                        </Widget>
                        <Widget>
                            <Attributes>
<Property>
    <Name>ID</Name>
    <Value>w1970027876</Value>
</Property>
<Property>
    <Name>Class</Name>
    <Value>org.eclipse.swt.widgets.Button</Value>
</Property>
<Property>
    <Name>Type</Name>
    <Value>SYSTEM INTERACTION</Value>
</Property>
<Property>
    <Name>X</Name>
    <Value>0</Value>
</Property>
<Property>
    <Name>Y</Name>
    <Value>0</Value>
</Property>
<Property>
    <Name>enabled</Name>
    <Value>true</Value>
</Property>
<Property>
    <Name>text</Name>
    <Value>New Button</Value>
</Property>
<Property>
    <Name>visible</Name>
    <Value>true</Value>
</Property>
                            </Attributes>
                        </Widget>
                        <Widget>
                            <Attributes>
<Property>
    <Name>ID</Name>
    <Value>w769729230</Value>
</Property>
<Property>
    <Name>Class</Name>
    <Value>org.eclipse.swt.widgets.Spinner</Value>
</Property>
<Property>
    <Name>Type</Name>
    <Value>SYSTEM INTERACTION</Value>
</Property>
<Property>
    <Name>X</Name>
    <Value>0</Value>
</Property>
<Property>
    <Name>Y</Name>
    <Value>0</Value>
</Property>
<Property>
    <Name>enabled</Name>
    <Value>true</Value>
</Property>
<Property>
    <Name>text</Name>
    <Value>500</Value>
</Property>
<Property>
    <Name>visible</Name>
    <Value>true</Value>
</Property>
                            </Attributes>
                        </Widget>
                        <Widget>
                            <Attributes>
<Property>
    <Name>ID</Name>
    <Value>w2358981316</Value>
</Property>
<Property>
    <Name>Class</Name>
    <Value>org.eclipse.swt.widgets.Composite</Value>
</Property>
<Property>
    <Name>Type</Name>
    <Value>SYSTEM INTERACTION</Value>
</Property>
<Property>
    <Name>X</Name>
    <Value>0</Value>
</Property>
<Property>
    <Name>Y</Name>
    <Value>0</Value>
</Property>
<Property>
    <Name>enabled</Name>
    <Value>true</Value>
</Property>
<Property>
    <Name>visible</Name>
    <Value>true</Value>
</Property>
                            </Attributes>
                        </Widget>
                        <Widget>
                            <Attributes>
<Property>
    <Name>ID</Name>
    <Value>w2152703714</Value>
</Property>
<Property>
    <Name>Class</Name>
    <Value>org.eclipse.swt.widgets.Group</Value>
</Property>
<Property>
    <Name>Type</Name>
    <Value>SYSTEM INTERACTION</Value>
</Property>
<Property>
    <Name>X</Name>
    <Value>0</Value>
</Property>
<Property>
    <Name>Y</Name>
    <Value>0</Value>
</Property>
<Property>
    <Name>enabled</Name>
    <Value>true</Value>
</Property>
<Property>
    <Name>text</Name>
    <Value>This is my group</Value>
</Property>
<Property>
    <Name>visible</Name>
    <Value>true</Value>
</Property>
                            </Attributes>
                        </Widget>
                    </Contents>
                </Container>
            </Contents>
        </Container>
    </GUI>
</GUIStructure>
