<?xml version="1.0" encoding="UTF-8" standalone="yes"?>
<GUIStructure>
    <GUI>
        <Window>
            <Attributes>
                <Property>
                    <Name>Title</Name>
                    <Value>Window</Value>
                </Property>
                <Property>
                    <Name>Modal</Name>
                    <Value>false</Value>
                </Property>
                <Property>
                    <Name>Rootwindow</Name>
                    <Value>true</Value>
                </Property>
                <Property>
                    <Name>layout</Name>
                    <Value>FormLayout {}</Value>
                </Property>
                <Property>
                    <Name>visible</Name>
                    <Value>true</Value>
                </Property>
            </Attributes>
        </Window>
        <Container>
            <Contents>
                <Container>
                    <Attributes>
                        <Property>
                            <Name>ID</Name>
                            <Value>w1727524972</Value>
                        </Property>
                        <Property>
                            <Name>Class</Name>
                            <Value>org.eclipse.swt.widgets.Shell</Value>
                        </Property>
                        <Property>
                            <Name>Type</Name>
                            <Value>SYSTEM INTERACTION</Value>
                        </Property>
                        <Property>
                            <Name>X</Name>
                            <Value>0</Value>
                        </Property>
                        <Property>
                            <Name>Y</Name>
                            <Value>0</Value>
                        </Property>
                        <Property>
                            <Name>enabled</Name>
                            <Value>true</Value>
                        </Property>
                        <Property>
                            <Name>text</Name>
                            <Value>Window</Value>
                        </Property>
                        <Property>
                            <Name>visible</Name>
                            <Value>true</Value>
                        </Property>
                    </Attributes>
                    <Contents>
                        <Widget>
                            <Attributes>
<Property>
    <Name>ID</Name>
    <Value>w2261501412</Value>
</Property>
<Property>
    <Name>Class</Name>
    <Value>org.eclipse.swt.widgets.Label</Value>
</Property>
<Property>
    <Name>Type</Name>
    <Value>SYSTEM INTERACTION</Value>
</Property>
<Property>
    <Name>X</Name>
    <Value>0</Value>
</Property>
<Property>
    <Name>Y</Name>
    <Value>0</Value>
</Property>
<Property>
    <Name>enabled</Name>
    <Value>true</Value>
</Property>
<Property>
    <Name>text</Name>
    <Value>Item 1</Value>
</Property>
<Property>
    <Name>visible</Name>
    <Value>true</Value>
</Property>
                            </Attributes>
                        </Widget>
                        <Widget>
                            <Attributes>
<Property>
    <Name>ID</Name>
    <Value>w3618942716</Value>
</Property>
<Property>
    <Name>Class</Name>
    <Value>org.eclipse.swt.widgets.List</Value>
</Property>
<Property>
    <Name>Type</Name>
    <Value>SYSTEM INTERACTION</Value>
</Property>
<Property>
    <Name>X</Name>
    <Value>0</Value>
</Property>
<Property>
    <Name>Y</Name>
    <Value>0</Value>
</Property>
<Property>
    <Name>enabled</Name>
    <Value>true</Value>
</Property>
<Property>
    <Name>visible</Name>
    <Value>true</Value>
</Property>
                            </Attributes>
                        </Widget>
                    </Contents>
                </Container>
            </Contents>
        </Container>
    </GUI>
</GUIStructure>
