<?xml version="1.0" encoding="UTF-8" standalone="yes"?>
<GUIStructure>
    <GUI>
        <Window>
            <Attributes>
                <Property>
                    <Name>Title</Name>
                    <Value>Window 1</Value>
                </Property>
                <Property>
                    <Name>Modal</Name>
                    <Value>false</Value>
                </Property>
                <Property>
                    <Name>Rootwindow</Name>
                    <Value>true</Value>
                </Property>
                <Property>
                    <Name>visible</Name>
                    <Value>true</Value>
                </Property>
                <Property>
                    <Name>visible</Name>
                    <Value>true</Value>
                </Property>
                <Property>
                    <Name>font</Name>
                    <Value>Font {-1324739308}</Value>
                </Property>
                <Property>
                    <Name>background</Name>
                    <Value>Color {240, 240, 240}</Value>
                </Property>
                <Property>
                    <Name>foreground</Name>
                    <Value>Color {0, 0, 0}</Value>
                </Property>
            </Attributes>
        </Window>
        <Container>
            <Contents>
                <Widget>
                    <Attributes>
                        <Property>
                            <Name>ID</Name>
                            <Value>w3725840584</Value>
                        </Property>
                        <Property>
                            <Name>Class</Name>
                            <Value>org.eclipse.swt.widgets.Shell</Value>
                        </Property>
                        <Property>
                            <Name>Type</Name>
                            <Value>SYSTEM INTERACTION</Value>
                        </Property>
                        <Property>
                            <Name>X</Name>
                            <Value>0</Value>
                        </Property>
                        <Property>
                            <Name>Y</Name>
                            <Value>0</Value>
                        </Property>
                        <Property>
                            <Name>Title</Name>
                            <Value></Value>
                        </Property>
                    </Attributes>
                </Widget>
            </Contents>
        </Container>
    </GUI>
    <GUI>
        <Window>
            <Attributes>
                <Property>
                    <Name>Title</Name>
                    <Value>Window 2</Value>
                </Property>
                <Property>
                    <Name>Modal</Name>
                    <Value>false</Value>
                </Property>
                <Property>
                    <Name>Rootwindow</Name>
                    <Value>true</Value>
                </Property>
                <Property>
                    <Name>visible</Name>
                    <Value>true</Value>
                </Property>
                <Property>
                    <Name>visible</Name>
                    <Value>true</Value>
                </Property>
                <Property>
                    <Name>font</Name>
                    <Value>Font {-1324739308}</Value>
                </Property>
                <Property>
                    <Name>background</Name>
                    <Value>Color {240, 240, 240}</Value>
                </Property>
                <Property>
                    <Name>foreground</Name>
                    <Value>Color {0, 0, 0}</Value>
                </Property>
            </Attributes>
        </Window>
        <Container>
            <Contents>
                <Widget>
                    <Attributes>
                        <Property>
                            <Name>ID</Name>
                            <Value>w3725840708</Value>
                        </Property>
                        <Property>
                            <Name>Class</Name>
                            <Value>org.eclipse.swt.widgets.Shell</Value>
                        </Property>
                        <Property>
                            <Name>Type</Name>
                            <Value>SYSTEM INTERACTION</Value>
                        </Property>
                        <Property>
                            <Name>X</Name>
                            <Value>0</Value>
                        </Property>
                        <Property>
                            <Name>Y</Name>
                            <Value>0</Value>
                        </Property>
                        <Property>
                            <Name>Title</Name>
                            <Value></Value>
                        </Property>
                    </Attributes>
                </Widget>
            </Contents>
        </Container>
    </GUI>
</GUIStructure>
